
> dashboard_yamuna@0.1.0 build
> cross-env NODE_OPTIONS='--max-old-space-size=4096' next build

node.exe :  ÔÜá `eslint` 
configuration in next.config.ts is 
no longer supported. See more info 
here: https://nextjs.org/docs/app/api
-reference/cli/next#next-lint-options
No C:\Program 
Files\nodejs\npm.ps1:29 caractere:3
+   & $NODE_EXE $NPM_CLI_JS $args
+   ~~~~~~~~~~~~~~~~~~~~~~~~~~~~~
    + CategoryInfo          : NotSpe 
   cified: ( ÔÜá `eslint` c...xt-li  
  nt-options:String) [], RemoteExc   
 eption
    + FullyQualifiedErrorId : Native 
   CommandError
 
 ÔÜá Invalid next.config.ts options 
detected: 
 ÔÜá     Unrecognized key(s) in 
object: 'eslint'
 ÔÜá See more info here: https://next
js.org/docs/messages/invalid-next-con
fig
   Ôû▓ Next.js 16.0.8 (Turbopack)
   - Environments: .env.local

 ÔÜá The "middleware" file 
convention is deprecated. Please use 
"proxy" instead. Learn more: https://
nextjs.org/docs/messages/middleware-t
o-proxy
   Creating an optimized production build ...

<--- Last few GCs --->

[23680:00000249DA951000]     1359 
ms: Scavenge 35.6 (45.1) -> 31.9 
(47.3) MB, pooled: 0 MB, 2.30 / 0.00 
ms  (average mu = 0.995, current mu 
= 0.995) allocation failure; 
[23680:00000249DA951000]     1612 
ms: Scavenge 38.5 (47.8) -> 34.3 
(66.1) MB, pooled: 0 MB, 2.30 / 0.00 
ms  (average mu = 0.995, current mu 
= 0.995) allocation failure; 


<--- JS stacktrace --->


<--- Last few GCs --->

[23680:00000249DA951000]     1359 
ms: Scavenge 35.6 (45.1) -> 31.9 
(47.3) MB, pooled: 0 MB, 2.30 / 0.00 
ms  (average mu = 0.995, current mu 
= 0.995) allocation failure; 
[23680:00000249DA951000]     1612 
ms: Scavenge 38.5 (47.8) -> 34.3 
(66.1) MB, pooled: 0 MB, 2.30 / 0.00 
ms  (average mu = 0.995, current mu 
= 0.995) allocation failure; 


<--- Last few GCs --->

[23680:00000249DA951000]     1359 
ms: Scavenge 35.6 (45.1) -> 31.9 
(47.3) MB, pooled: 0 MB, 2.30 / 0.00 
ms  (average mu = 0.995, current mu 
= 0.995) allocation failure; 
[23680:00000249DA951000]     1612 
ms: Scavenge 38.5 (47.8) -> 34.3 
(66.1) MB, pooled: 0 MB, 2.30 / 0.00 
ms  (average mu = 0.995, current mu 
= 0.995) allocation failure; 

FATAL ERROR: MarkCompactCollector: 
young object promotion failed 
Allocation failed - JavaScript heap 
out of memory

<--- JS stacktrace --->


<--- JS stacktrace --->

FATAL ERROR: MarkCompactCollector: 
young object promotion failed 
Allocation failed - JavaScript heap 
out of memory
----- Native stack trace -----

FATAL ERROR: MarkCompactCollector: 
young object promotion failed 
Allocation failed - JavaScript heap 
out of memory
----- Native stack trace -----

----- Native stack trace -----

 1: 00007FF627F1542D 
 2: 00007FF627E78248 
 3: 00007FF6289FED41 
 4: 00007FF6289EB9C6 
 5: 00007FF628838B10 
 6: 00007FF62880C6DF 
 7: 00007FF62881D86A 
 8: 00007FF628814C1E 
 9: 00007FF62881AF59 
10: 00007FF62881F3F4 
11: 00007FF628BF017F 
12: 00007FF628BEFF76 
13: 00007FF628813C07 
14: 00007FF62881536C 
15: 00007FF628814241 
16: 00007FF628813484 
17: 00007FF62883F6DB 
18: 00007FF628841CCB 
19: 00007FF6288324A2 
20: 00007FF62882DEA5 
21: 00007FF6281B1D0D 
 1: 00007FF627F1542D 
 2: 00007FF627E78248 
 3: 00007FF6289FED41 
 4: 00007FF6289EB9C6 
 5: 00007FF628838B10 
 6: 00007FF62880C6DF 
 7: 00007FF62881D86A 
 8: 00007FF628814C1E 
 9: 00007FF62881AF59 
10: 00007FF62881F3F4 
11: 00007FF628BF0515 
12: 00007FF627DEB5F0 
13: 00007FF627F75A43 
14: 00007FF62977342E 
15: 00007FFA9770E8D7 
16: 00007FFA989EC53C 
